[2026-03-18 17:06:48.875]  位置日志信息:
打开串口 COM3 成功，波特率: 115200
----------------------------------------------------------------------

[2026-03-18 17:06:53.646]  位置日志信息:
发送数据: FFE020010023D0FFE1
----------------------------------------------------------------------

[2026-03-18 17:06:56.038]  位置日志信息:
发送数据: FFE0210100790CFFE1
----------------------------------------------------------------------

[2026-03-18 17:07:04.368]  位置日志信息:
发送数据: FFE02001013259FFE1
----------------------------------------------------------------------

[2026-03-18 17:07:08.142]  位置日志信息:
发送数据: FFE02101016885FFE1
----------------------------------------------------------------------

[2026-03-18 17:07:12.415]  位置日志信息:
发送数据: FFE020010200C2FFE1
----------------------------------------------------------------------

[2026-03-18 17:07:16.014]  位置日志信息:
发送数据: FFE02101025A1EFFE1
----------------------------------------------------------------------

