[2026-03-31 16:13:20.822]  位置日志信息:
打开串口 COM3 成功，波特率: 115200
----------------------------------------------------------------------

[2026-03-31 16:13:22.275]  位置日志信息:
发送数据: FFE02401006937FFE1
----------------------------------------------------------------------

[2026-03-31 16:13:24.325]  位置日志信息:
发送数据: FFE02501005E07FFE1
----------------------------------------------------------------------

[2026-03-31 16:13:27.412]  位置日志信息:
发送数据: FFE02401017916FFE1
----------------------------------------------------------------------

[2026-03-31 16:13:28.878]  位置日志信息:
发送数据: FFE02501014E26FFE1
----------------------------------------------------------------------

[2026-03-31 16:13:30.226]  位置日志信息:
发送数据: FFE02501027E45FFE1
----------------------------------------------------------------------

[2026-03-31 16:13:32.605]  位置日志信息:
发送数据: FFE02401024975FFE1
----------------------------------------------------------------------

[2026-03-31 16:13:37.194]  位置日志信息:
发送数据: FFE0220100DB97FFE1
----------------------------------------------------------------------

[2026-03-31 16:13:41.957]  位置日志信息:
发送数据: FFE0220101CBB6FFE1
----------------------------------------------------------------------

[2026-03-31 16:13:45.502]  位置日志信息:
发送数据: FFE0220102FBD5FFE1
----------------------------------------------------------------------

