[2026-04-15 08:44:39.096]  位置日志信息:
打开串口 COM3 成功，波特率: 115200
----------------------------------------------------------------------

[2026-04-15 08:44:50.823]  位置日志信息:
发送：Z轴FFE0280A020000A0400100009A423357FFE1
----------------------------------------------------------------------

[2026-04-15 09:22:27.856]  位置日志信息:
打开串口 COM3 成功，波特率: 115200
----------------------------------------------------------------------

[2026-04-15 09:22:44.393]  位置日志信息:
发送：Z轴FFE0280A02000000000100008442BC34FFE1
----------------------------------------------------------------------

[2026-04-15 09:23:43.192]  位置日志信息:
打开串口 COM3 成功，波特率: 115200
----------------------------------------------------------------------

[2026-04-15 09:23:47.732]  位置日志信息:
发送：Z轴FFE0280A0200004040010000484258F1FFE1
----------------------------------------------------------------------

[2026-04-15 09:27:57.194]  位置日志信息:
打开串口 COM3 成功，波特率: 115200
----------------------------------------------------------------------

[2026-04-15 09:28:39.218]  位置日志信息:
发送：Z轴FFE0280A020000404001000086426DAAFFE1
----------------------------------------------------------------------

[2026-04-15 09:29:45.038]  位置日志信息:
打开串口 COM3 成功，波特率: 115200
----------------------------------------------------------------------

[2026-04-15 13:50:27.593]  位置日志信息:
打开串口 COM3 成功，波特率: 115200
----------------------------------------------------------------------

