[2026-03-30 11:07:24.241]  位置日志信息:
打开串口 COM3 成功，波特率: 115200
----------------------------------------------------------------------

[2026-03-30 11:07:50.977]  位置日志信息:
发送数据: FFE0200100B5F7FFE1
----------------------------------------------------------------------

[2026-03-30 11:09:11.320]  位置日志信息:
发送数据: FFE0200100B5F7FFE1
----------------------------------------------------------------------

[2026-03-30 11:09:12.915]  位置日志信息:
发送数据: FFE0200100B5F7FFE1
----------------------------------------------------------------------

[2026-03-30 11:09:14.417]  位置日志信息:
发送数据: FFE0200100B5F7FFE1
----------------------------------------------------------------------

[2026-03-30 11:09:16.172]  位置日志信息:
发送数据: FFE0200100B5F7FFE1
----------------------------------------------------------------------

[2026-03-30 11:32:40.554]  位置日志信息:
打开串口 COM3 成功，波特率: 115200
----------------------------------------------------------------------

[2026-03-30 11:32:50.176]  位置日志信息:
发送数据: FFE0220100DB97FFE1
----------------------------------------------------------------------

[2026-03-30 11:32:51.681]  位置日志信息:
发送数据: FFE0220100DB97FFE1
----------------------------------------------------------------------

[2026-03-30 11:32:52.844]  位置日志信息:
发送数据: FFE0220100DB97FFE1
----------------------------------------------------------------------

[2026-03-30 11:32:54.378]  位置日志信息:
发送数据: FFE0220100DB97FFE1
----------------------------------------------------------------------

[2026-03-30 11:32:56.081]  位置日志信息:
发送数据: FFE0220100DB97FFE1
----------------------------------------------------------------------

[2026-03-30 11:32:57.772]  位置日志信息:
发送数据: FFE0220100DB97FFE1
----------------------------------------------------------------------

[2026-03-30 11:32:59.461]  位置日志信息:
发送数据: FFE0220100DB97FFE1
----------------------------------------------------------------------

[2026-03-30 11:33:00.979]  位置日志信息:
发送数据: FFE0220100DB97FFE1
----------------------------------------------------------------------

[2026-03-30 11:33:02.655]  位置日志信息:
发送数据: FFE0200100B5F7FFE1
----------------------------------------------------------------------

[2026-03-30 11:33:04.209]  位置日志信息:
发送数据: FFE0220100DB97FFE1
----------------------------------------------------------------------

[2026-03-30 11:33:05.759]  位置日志信息:
发送数据: FFE0200100B5F7FFE1
----------------------------------------------------------------------

[2026-03-30 11:33:07.473]  位置日志信息:
发送数据: FFE0200100B5F7FFE1
----------------------------------------------------------------------

[2026-03-30 11:33:09.015]  位置日志信息:
发送数据: FFE0200100B5F7FFE1
----------------------------------------------------------------------

[2026-03-30 11:33:10.814]  位置日志信息:
发送数据: FFE0200100B5F7FFE1
----------------------------------------------------------------------

[2026-03-30 11:33:12.256]  位置日志信息:
发送数据: FFE0200100B5F7FFE1
----------------------------------------------------------------------

[2026-03-30 11:33:13.743]  位置日志信息:
发送数据: FFE0200100B5F7FFE1
----------------------------------------------------------------------

[2026-03-30 11:33:15.495]  位置日志信息:
发送数据: FFE0200100B5F7FFE1
----------------------------------------------------------------------

[2026-03-30 11:33:17.143]  位置日志信息:
发送数据: FFE0200100B5F7FFE1
----------------------------------------------------------------------

[2026-03-30 11:33:18.595]  位置日志信息:
发送数据: FFE0200100B5F7FFE1
----------------------------------------------------------------------

[2026-03-30 11:33:20.374]  位置日志信息:
发送数据: FFE0200100B5F7FFE1
----------------------------------------------------------------------

[2026-03-30 11:33:22.018]  位置日志信息:
发送数据: FFE0200100B5F7FFE1
----------------------------------------------------------------------

[2026-03-30 11:33:23.732]  位置日志信息:
发送数据: FFE0200100B5F7FFE1
----------------------------------------------------------------------

[2026-03-30 11:33:25.209]  位置日志信息:
发送数据: FFE0200100B5F7FFE1
----------------------------------------------------------------------

[2026-03-30 11:33:26.695]  位置日志信息:
发送数据: FFE0220100DB97FFE1
----------------------------------------------------------------------

[2026-03-30 11:33:28.417]  位置日志信息:
发送数据: FFE0220100DB97FFE1
----------------------------------------------------------------------

[2026-03-30 11:33:30.104]  位置日志信息:
发送数据: FFE0220100DB97FFE1
----------------------------------------------------------------------

[2026-03-30 11:33:31.792]  位置日志信息:
发送数据: FFE0220100DB97FFE1
----------------------------------------------------------------------

[2026-03-30 11:33:33.361]  位置日志信息:
发送数据: FFE0220100DB97FFE1
----------------------------------------------------------------------

[2026-03-30 11:33:34.917]  位置日志信息:
发送数据: FFE0200100B5F7FFE1
----------------------------------------------------------------------

[2026-03-30 11:33:36.527]  位置日志信息:
发送数据: FFE0200100B5F7FFE1
----------------------------------------------------------------------

[2026-03-30 11:33:38.014]  位置日志信息:
发送数据: FFE0220100DB97FFE1
----------------------------------------------------------------------

[2026-03-30 11:33:39.865]  位置日志信息:
发送数据: FFE0220100DB97FFE1
----------------------------------------------------------------------

[2026-03-30 11:33:41.395]  位置日志信息:
发送数据: FFE0220100DB97FFE1
----------------------------------------------------------------------

[2026-03-30 11:33:43.124]  位置日志信息:
发送数据: FFE0220100DB97FFE1
----------------------------------------------------------------------

[2026-03-30 11:49:12.009]  位置日志信息:
打开串口 COM3 成功，波特率: 115200
----------------------------------------------------------------------

[2026-03-30 11:49:16.904]  位置日志信息:
发送数据: FFE0220100DB97FFE1
----------------------------------------------------------------------

[2026-03-30 11:49:17.843]  位置日志信息:
发送数据: FFE0200100B5F7FFE1
----------------------------------------------------------------------

[2026-03-30 11:49:17.844]  位置日志信息:
发送数据: FFE0200101A5D6FFE1
----------------------------------------------------------------------

[2026-03-30 11:49:19.278]  位置日志信息:
发送数据: FFE0200101A5D6FFE1
----------------------------------------------------------------------

[2026-03-30 11:49:19.285]  位置日志信息:
发送数据: FFE0200100B5F7FFE1
----------------------------------------------------------------------

[2026-03-30 11:49:21.037]  位置日志信息:
发送数据: FFE0200101A5D6FFE1
----------------------------------------------------------------------

[2026-03-30 11:49:21.038]  位置日志信息:
发送数据: FFE0200100B5F7FFE1
----------------------------------------------------------------------

[2026-03-30 11:49:22.684]  位置日志信息:
发送数据: FFE0200101A5D6FFE1
----------------------------------------------------------------------

[2026-03-30 11:49:22.685]  位置日志信息:
发送数据: FFE0200100B5F7FFE1
----------------------------------------------------------------------

[2026-03-30 11:49:24.338]  位置日志信息:
发送数据: FFE0200101A5D6FFE1
----------------------------------------------------------------------

[2026-03-30 11:49:24.338]  位置日志信息:
发送数据: FFE0200100B5F7FFE1
----------------------------------------------------------------------

[2026-03-30 11:49:25.814]  位置日志信息:
发送数据: FFE0200101A5D6FFE1
----------------------------------------------------------------------

[2026-03-30 11:49:25.816]  位置日志信息:
发送数据: FFE0200100B5F7FFE1
----------------------------------------------------------------------

[2026-03-30 11:49:27.409]  位置日志信息:
发送数据: FFE0200101A5D6FFE1
----------------------------------------------------------------------

[2026-03-30 11:49:27.410]  位置日志信息:
发送数据: FFE0200100B5F7FFE1
----------------------------------------------------------------------

[2026-03-30 11:49:28.920]  位置日志信息:
发送数据: FFE0200101A5D6FFE1
----------------------------------------------------------------------

[2026-03-30 11:49:28.920]  位置日志信息:
发送数据: FFE0200100B5F7FFE1
----------------------------------------------------------------------

[2026-03-30 11:49:30.541]  位置日志信息:
发送数据: FFE0200101A5D6FFE1
----------------------------------------------------------------------

[2026-03-30 11:49:30.544]  位置日志信息:
发送数据: FFE0200100B5F7FFE1
----------------------------------------------------------------------

[2026-03-30 11:49:32.128]  位置日志信息:
发送数据: FFE0200101A5D6FFE1
----------------------------------------------------------------------

[2026-03-30 11:49:32.128]  位置日志信息:
发送数据: FFE0200100B5F7FFE1
----------------------------------------------------------------------

[2026-03-30 11:49:34.051]  位置日志信息:
发送数据: FFE0200101A5D6FFE1
----------------------------------------------------------------------

[2026-03-30 11:49:34.052]  位置日志信息:
发送数据: FFE0200100B5F7FFE1
----------------------------------------------------------------------

[2026-03-30 11:49:35.440]  位置日志信息:
发送数据: FFE0200101A5D6FFE1
----------------------------------------------------------------------

[2026-03-30 11:49:35.442]  位置日志信息:
发送数据: FFE0200100B5F7FFE1
----------------------------------------------------------------------

[2026-03-30 11:49:36.962]  位置日志信息:
发送数据: FFE0200101A5D6FFE1
----------------------------------------------------------------------

[2026-03-30 11:49:38.555]  位置日志信息:
发送数据: FFE0200101A5D6FFE1
----------------------------------------------------------------------

[2026-03-30 11:49:40.168]  位置日志信息:
发送数据: FFE0200101A5D6FFE1
----------------------------------------------------------------------

[2026-03-30 11:49:41.889]  位置日志信息:
发送数据: FFE0200101A5D6FFE1
----------------------------------------------------------------------

[2026-03-30 11:49:43.370]  位置日志信息:
发送数据: FFE0200101A5D6FFE1
----------------------------------------------------------------------

[2026-03-30 11:49:44.912]  位置日志信息:
发送数据: FFE0200101A5D6FFE1
----------------------------------------------------------------------

[2026-03-30 11:49:46.503]  位置日志信息:
发送数据: FFE0200101A5D6FFE1
----------------------------------------------------------------------

[2026-03-30 11:49:48.680]  位置日志信息:
发送数据: FFE0200101A5D6FFE1
----------------------------------------------------------------------

[2026-03-30 11:49:50.321]  位置日志信息:
发送数据: FFE0200101A5D6FFE1
----------------------------------------------------------------------

[2026-03-30 11:49:52.087]  位置日志信息:
发送数据: FFE0200101A5D6FFE1
----------------------------------------------------------------------

[2026-03-30 11:49:53.314]  位置日志信息:
发送数据: FFE0200101A5D6FFE1
----------------------------------------------------------------------

[2026-03-30 11:49:55.127]  位置日志信息:
发送数据: FFE0200101A5D6FFE1
----------------------------------------------------------------------

[2026-03-30 11:49:56.909]  位置日志信息:
发送数据: FFE0200101A5D6FFE1
----------------------------------------------------------------------

[2026-03-30 11:49:58.540]  位置日志信息:
发送数据: FFE0200101A5D6FFE1
----------------------------------------------------------------------

[2026-03-30 11:50:00.102]  位置日志信息:
发送数据: FFE0200101A5D6FFE1
----------------------------------------------------------------------

[2026-03-30 11:50:01.896]  位置日志信息:
发送数据: FFE0200101A5D6FFE1
----------------------------------------------------------------------

[2026-03-30 11:50:03.155]  位置日志信息:
发送数据: FFE0200101A5D6FFE1
----------------------------------------------------------------------

[2026-03-30 11:50:05.023]  位置日志信息:
发送数据: FFE0200101A5D6FFE1
----------------------------------------------------------------------

[2026-03-30 11:50:07.105]  位置日志信息:
发送数据: FFE0200101A5D6FFE1
----------------------------------------------------------------------

[2026-03-30 11:50:08.097]  位置日志信息:
发送数据: FFE0200101A5D6FFE1
----------------------------------------------------------------------

[2026-03-30 11:50:09.896]  位置日志信息:
发送数据: FFE0200101A5D6FFE1
----------------------------------------------------------------------

[2026-03-30 11:50:11.698]  位置日志信息:
发送数据: FFE0200101A5D6FFE1
----------------------------------------------------------------------

[2026-03-30 11:50:13.055]  位置日志信息:
发送数据: FFE0200101A5D6FFE1
----------------------------------------------------------------------

[2026-03-30 11:50:15.080]  位置日志信息:
发送数据: FFE0200101A5D6FFE1
----------------------------------------------------------------------

[2026-03-30 11:50:17.017]  位置日志信息:
发送数据: FFE0200101A5D6FFE1
----------------------------------------------------------------------

[2026-03-30 11:50:18.266]  位置日志信息:
发送数据: FFE0200101A5D6FFE1
----------------------------------------------------------------------

[2026-03-30 11:50:21.110]  位置日志信息:
发送数据: FFE0200101A5D6FFE1
----------------------------------------------------------------------

[2026-03-30 11:50:22.799]  位置日志信息:
发送数据: FFE0200101A5D6FFE1
----------------------------------------------------------------------

[2026-03-30 11:50:24.754]  位置日志信息:
发送数据: FFE0200101A5D6FFE1
----------------------------------------------------------------------

[2026-03-30 11:50:26.266]  位置日志信息:
发送数据: FFE0200101A5D6FFE1
----------------------------------------------------------------------

[2026-03-30 11:50:27.632]  位置日志信息:
发送数据: FFE0200101A5D6FFE1
----------------------------------------------------------------------

[2026-03-30 11:50:29.150]  位置日志信息:
发送数据: FFE0200101A5D6FFE1
----------------------------------------------------------------------

[2026-03-30 11:50:31.082]  位置日志信息:
发送数据: FFE0200101A5D6FFE1
----------------------------------------------------------------------

[2026-03-30 11:50:32.476]  位置日志信息:
发送数据: FFE0200101A5D6FFE1
----------------------------------------------------------------------

[2026-03-30 11:50:33.942]  位置日志信息:
发送数据: FFE0200101A5D6FFE1
----------------------------------------------------------------------

[2026-03-30 11:50:35.521]  位置日志信息:
发送数据: FFE0200101A5D6FFE1
----------------------------------------------------------------------

[2026-03-30 11:50:37.040]  位置日志信息:
发送数据: FFE0200101A5D6FFE1
----------------------------------------------------------------------

[2026-03-30 11:50:38.588]  位置日志信息:
发送数据: FFE0200101A5D6FFE1
----------------------------------------------------------------------

[2026-03-30 11:50:40.416]  位置日志信息:
发送数据: FFE0200101A5D6FFE1
----------------------------------------------------------------------

[2026-03-30 11:50:40.417]  位置日志信息:
发送数据: FFE0200100B5F7FFE1
----------------------------------------------------------------------

[2026-03-30 11:50:41.747]  位置日志信息:
发送数据: FFE0200101A5D6FFE1
----------------------------------------------------------------------

[2026-03-30 11:50:41.748]  位置日志信息:
发送数据: FFE0200100B5F7FFE1
----------------------------------------------------------------------

[2026-03-30 11:50:43.260]  位置日志信息:
发送数据: FFE0200101A5D6FFE1
----------------------------------------------------------------------

[2026-03-30 11:50:44.837]  位置日志信息:
发送数据: FFE0200101A5D6FFE1
----------------------------------------------------------------------

[2026-03-30 11:50:46.519]  位置日志信息:
发送数据: FFE0200101A5D6FFE1
----------------------------------------------------------------------

[2026-03-30 11:50:47.934]  位置日志信息:
发送数据: FFE0200101A5D6FFE1
----------------------------------------------------------------------

[2026-03-30 11:50:49.442]  位置日志信息:
发送数据: FFE0200101A5D6FFE1
----------------------------------------------------------------------

[2026-03-30 11:51:40.474]  位置日志信息:
打开串口 COM3 成功，波特率: 115200
----------------------------------------------------------------------

[2026-03-30 11:51:44.599]  位置日志信息:
发送数据: FFE0220100DB97FFE1
----------------------------------------------------------------------

[2026-03-30 11:51:45.539]  位置日志信息:
发送数据: FFE0200101A5D6FFE1
----------------------------------------------------------------------

[2026-03-30 11:51:47.122]  位置日志信息:
发送数据: FFE0200101A5D6FFE1
----------------------------------------------------------------------

[2026-03-30 11:51:48.605]  位置日志信息:
发送数据: FFE0200101A5D6FFE1
----------------------------------------------------------------------

[2026-03-30 11:51:50.222]  位置日志信息:
发送数据: FFE0200101A5D6FFE1
----------------------------------------------------------------------

[2026-03-30 11:51:51.900]  位置日志信息:
发送数据: FFE0200101A5D6FFE1
----------------------------------------------------------------------

[2026-03-30 11:51:53.387]  位置日志信息:
发送数据: FFE0200101A5D6FFE1
----------------------------------------------------------------------

[2026-03-30 11:51:55.004]  位置日志信息:
发送数据: FFE0200101A5D6FFE1
----------------------------------------------------------------------

[2026-03-30 11:51:56.543]  位置日志信息:
发送数据: FFE0200101A5D6FFE1
----------------------------------------------------------------------

[2026-03-30 11:51:58.148]  位置日志信息:
发送数据: FFE0200101A5D6FFE1
----------------------------------------------------------------------

[2026-03-30 11:51:59.738]  位置日志信息:
发送数据: FFE0200101A5D6FFE1
----------------------------------------------------------------------

[2026-03-30 11:52:01.325]  位置日志信息:
发送数据: FFE0200101A5D6FFE1
----------------------------------------------------------------------

[2026-03-30 11:52:03.098]  位置日志信息:
发送数据: FFE0200101A5D6FFE1
----------------------------------------------------------------------

[2026-03-30 11:52:04.479]  位置日志信息:
发送数据: FFE0200101A5D6FFE1
----------------------------------------------------------------------

[2026-03-30 11:52:06.099]  位置日志信息:
发送数据: FFE0200101A5D6FFE1
----------------------------------------------------------------------

[2026-03-30 11:52:07.726]  位置日志信息:
发送数据: FFE0200101A5D6FFE1
----------------------------------------------------------------------

[2026-03-30 11:52:09.278]  位置日志信息:
发送数据: FFE0200101A5D6FFE1
----------------------------------------------------------------------

[2026-03-30 11:52:10.869]  位置日志信息:
发送数据: FFE0200101A5D6FFE1
----------------------------------------------------------------------

[2026-03-30 11:52:12.537]  位置日志信息:
发送数据: FFE0200101A5D6FFE1
----------------------------------------------------------------------

[2026-03-30 11:52:14.018]  位置日志信息:
发送数据: FFE0200101A5D6FFE1
----------------------------------------------------------------------

[2026-03-30 11:52:15.633]  位置日志信息:
发送数据: FFE0200101A5D6FFE1
----------------------------------------------------------------------

[2026-03-30 11:52:17.199]  位置日志信息:
发送数据: FFE0200101A5D6FFE1
----------------------------------------------------------------------

[2026-03-30 11:52:18.811]  位置日志信息:
发送数据: FFE0200101A5D6FFE1
----------------------------------------------------------------------

[2026-03-30 11:52:20.403]  位置日志信息:
发送数据: FFE0200101A5D6FFE1
----------------------------------------------------------------------

[2026-03-30 11:52:22.079]  位置日志信息:
发送数据: FFE0200101A5D6FFE1
----------------------------------------------------------------------

[2026-03-30 11:52:23.791]  位置日志信息:
发送数据: FFE0200101A5D6FFE1
----------------------------------------------------------------------

[2026-03-30 11:52:25.389]  位置日志信息:
发送数据: FFE0200101A5D6FFE1
----------------------------------------------------------------------

[2026-03-30 11:54:29.030]  位置日志信息:
打开串口 COM3 成功，波特率: 115200
----------------------------------------------------------------------

[2026-03-30 11:54:33.345]  位置日志信息:
发送数据: FFE0220100DB97FFE1
----------------------------------------------------------------------

[2026-03-30 11:54:34.152]  位置日志信息:
发送数据: FFE0200101A5D6FFE1
----------------------------------------------------------------------

[2026-03-30 11:54:35.849]  位置日志信息:
发送数据: FFE0200101A5D6FFE1
----------------------------------------------------------------------

[2026-03-30 11:54:37.356]  位置日志信息:
发送数据: FFE0200101A5D6FFE1
----------------------------------------------------------------------

[2026-03-30 11:54:38.879]  位置日志信息:
发送数据: FFE0200101A5D6FFE1
----------------------------------------------------------------------

[2026-03-30 11:54:40.590]  位置日志信息:
发送数据: FFE0200101A5D6FFE1
----------------------------------------------------------------------

[2026-03-30 11:54:42.178]  位置日志信息:
发送数据: FFE0200101A5D6FFE1
----------------------------------------------------------------------

[2026-03-30 11:54:43.663]  位置日志信息:
发送数据: FFE0200101A5D6FFE1
----------------------------------------------------------------------

[2026-03-30 11:54:45.340]  位置日志信息:
发送数据: FFE0200101A5D6FFE1
----------------------------------------------------------------------

[2026-03-30 11:54:46.796]  位置日志信息:
发送数据: FFE0200101A5D6FFE1
----------------------------------------------------------------------

[2026-03-30 11:54:48.407]  位置日志信息:
发送数据: FFE0200101A5D6FFE1
----------------------------------------------------------------------

[2026-03-30 11:54:49.961]  位置日志信息:
发送数据: FFE0200101A5D6FFE1
----------------------------------------------------------------------

[2026-03-30 11:54:51.510]  位置日志信息:
发送数据: FFE0200101A5D6FFE1
----------------------------------------------------------------------

[2026-03-30 11:54:53.232]  位置日志信息:
发送数据: FFE0200101A5D6FFE1
----------------------------------------------------------------------

[2026-03-30 11:54:54.775]  位置日志信息:
发送数据: FFE0200101A5D6FFE1
----------------------------------------------------------------------

[2026-03-30 11:54:56.346]  位置日志信息:
发送数据: FFE0200101A5D6FFE1
----------------------------------------------------------------------

[2026-03-30 11:54:57.965]  位置日志信息:
发送数据: FFE0200101A5D6FFE1
----------------------------------------------------------------------

[2026-03-30 11:54:59.485]  位置日志信息:
发送数据: FFE0200101A5D6FFE1
----------------------------------------------------------------------

[2026-03-30 11:55:01.026]  位置日志信息:
发送数据: FFE0200101A5D6FFE1
----------------------------------------------------------------------

[2026-03-30 11:55:02.744]  位置日志信息:
发送数据: FFE0200101A5D6FFE1
----------------------------------------------------------------------

[2026-03-30 11:55:04.297]  位置日志信息:
发送数据: FFE0200101A5D6FFE1
----------------------------------------------------------------------

[2026-03-30 11:55:06.053]  位置日志信息:
发送数据: FFE0200101A5D6FFE1
----------------------------------------------------------------------

[2026-03-30 11:55:07.606]  位置日志信息:
发送数据: FFE0200101A5D6FFE1
----------------------------------------------------------------------

[2026-03-30 11:55:09.160]  位置日志信息:
发送数据: FFE0200101A5D6FFE1
----------------------------------------------------------------------

[2026-03-30 11:55:10.839]  位置日志信息:
发送数据: FFE0200101A5D6FFE1
----------------------------------------------------------------------

[2026-03-30 11:55:55.612]  位置日志信息:
打开串口 COM3 成功，波特率: 115200
----------------------------------------------------------------------

[2026-03-30 11:55:59.575]  位置日志信息:
打开串口 COM3 成功，波特率: 115200
----------------------------------------------------------------------

[2026-03-30 11:56:03.658]  位置日志信息:
打开串口 COM3 成功，波特率: 115200
----------------------------------------------------------------------

[2026-03-30 11:56:59.091]  位置日志信息:
打开串口 COM3 成功，波特率: 115200
----------------------------------------------------------------------

[2026-03-30 11:57:21.342]  位置日志信息:
发送数据: FFE0200100B5F7FFE1
----------------------------------------------------------------------

[2026-03-30 11:57:37.731]  位置日志信息:
发送数据: FFE0220100DB97FFE1
----------------------------------------------------------------------

[2026-03-30 11:57:39.766]  位置日志信息:
发送数据: FFE0200101A5D6FFE1
----------------------------------------------------------------------

[2026-03-30 11:57:40.756]  位置日志信息:
发送数据: FFE0200101A5D6FFE1
----------------------------------------------------------------------

[2026-03-30 11:57:42.256]  位置日志信息:
发送数据: FFE0200101A5D6FFE1
----------------------------------------------------------------------

[2026-03-30 11:57:44.011]  位置日志信息:
发送数据: FFE0200101A5D6FFE1
----------------------------------------------------------------------

[2026-03-30 11:57:45.452]  位置日志信息:
发送数据: FFE0200101A5D6FFE1
----------------------------------------------------------------------

[2026-03-30 11:57:47.037]  位置日志信息:
发送数据: FFE0200101A5D6FFE1
----------------------------------------------------------------------

[2026-03-30 11:57:48.649]  位置日志信息:
发送数据: FFE0200101A5D6FFE1
----------------------------------------------------------------------

[2026-03-30 11:57:50.168]  位置日志信息:
发送数据: FFE0200101A5D6FFE1
----------------------------------------------------------------------

[2026-03-30 11:57:51.874]  位置日志信息:
发送数据: FFE0200101A5D6FFE1
----------------------------------------------------------------------

[2026-03-30 11:57:53.438]  位置日志信息:
发送数据: FFE0200101A5D6FFE1
----------------------------------------------------------------------

[2026-03-30 11:58:38.542]  位置日志信息:
打开串口 COM3 成功，波特率: 115200
----------------------------------------------------------------------

