[2026-04-01 11:26:52.744]  位置日志信息:
打开串口 COM3 成功，波特率: 115200
----------------------------------------------------------------------

[2026-04-01 11:27:01.057]  位置日志信息:
发送数据: FFE0220100DB97FFE1
----------------------------------------------------------------------

[2026-04-01 11:27:03.477]  位置日志信息:
发送数据: FFE02501014E26FFE1
----------------------------------------------------------------------

[2026-04-01 11:27:05.046]  位置日志信息:
发送数据: FFE02501014E26FFE1
----------------------------------------------------------------------

[2026-04-01 13:49:13.128]  位置日志信息:
打开串口 COM3 成功，波特率: 115200
----------------------------------------------------------------------

[2026-04-01 13:52:07.931]  位置日志信息:
打开串口 COM3 成功，波特率: 115200
----------------------------------------------------------------------

[2026-04-01 13:52:24.263]  位置日志信息:
发送数据: FFE0220100DB97FFE1
----------------------------------------------------------------------

[2026-04-01 16:30:37.998]  位置日志信息:
打开串口 COM3 成功，波特率: 115200
----------------------------------------------------------------------

[2026-04-01 16:30:48.995]  位置日志信息:
发送数据: FFE0220100DB97FFE1
----------------------------------------------------------------------

[2026-04-01 16:33:31.716]  位置日志信息:
打开串口 COM3 成功，波特率: 115200
----------------------------------------------------------------------

[2026-04-01 16:33:40.179]  位置日志信息:
发送数据: FFE0220100DB97FFE1
----------------------------------------------------------------------

[2026-04-01 16:36:35.678]  位置日志信息:
打开串口 COM3 成功，波特率: 115200
----------------------------------------------------------------------

[2026-04-01 16:36:38.528]  位置日志信息:
发送数据: FFE0220100DB97FFE1
----------------------------------------------------------------------

[2026-04-01 16:41:21.733]  位置日志信息:
打开串口 COM3 成功，波特率: 115200
----------------------------------------------------------------------

[2026-04-01 16:46:16.089]  位置日志信息:
打开串口 COM3 成功，波特率: 115200
----------------------------------------------------------------------

[2026-04-01 16:46:25.302]  位置日志信息:
打开串口 COM3 成功，波特率: 115200
----------------------------------------------------------------------

[2026-04-01 16:47:52.337]  位置日志信息:
打开串口 COM3 成功，波特率: 115200
----------------------------------------------------------------------

[2026-04-01 16:51:44.816]  位置日志信息:
打开串口 COM3 成功，波特率: 115200
----------------------------------------------------------------------

[2026-04-01 16:51:54.707]  位置日志信息:
发送数据: FFE02401006937FFE1
----------------------------------------------------------------------

[2026-04-01 16:52:42.359]  位置日志信息:
打开串口 COM3 成功，波特率: 115200
----------------------------------------------------------------------

[2026-04-01 16:52:55.162]  位置日志信息:
发送数据: FFE0220100DB97FFE1
----------------------------------------------------------------------

[2026-04-01 16:55:44.837]  位置日志信息:
打开串口 COM3 成功，波特率: 115200
----------------------------------------------------------------------

[2026-04-01 16:56:36.185]  位置日志信息:
发送数据: FFE02501005E07FFE1
----------------------------------------------------------------------

[2026-04-01 18:33:36.397]  位置日志信息:
打开串口 COM3 成功，波特率: 115200
----------------------------------------------------------------------

[2026-04-01 18:33:56.542]  位置日志信息:
发送数据: FFE0220100DB97FFE1
----------------------------------------------------------------------

[2026-04-01 18:45:49.699]  位置日志信息:
打开串口 COM3 成功，波特率: 115200
----------------------------------------------------------------------

[2026-04-01 18:46:44.860]  位置日志信息:
打开串口 COM3 成功，波特率: 115200
----------------------------------------------------------------------

[2026-04-01 18:46:56.800]  位置日志信息:
发送数据: FFE02401006937FFE1
----------------------------------------------------------------------

[2026-04-01 18:46:56.801]  位置日志信息:
发送数据: FFE02401017916FFE1
----------------------------------------------------------------------

[2026-04-01 18:47:52.492]  位置日志信息:
串口未打开，无法发送数据
----------------------------------------------------------------------

[2026-04-01 18:47:55.930]  位置日志信息:
串口未打开，无法发送数据
----------------------------------------------------------------------

[2026-04-01 18:47:55.948]  位置日志信息:
串口未打开，无法发送数据
----------------------------------------------------------------------

[2026-04-01 18:50:38.221]  位置日志信息:
打开串口 COM3 成功，波特率: 115200
----------------------------------------------------------------------

[2026-04-01 18:50:45.747]  位置日志信息:
发送数据: FFE02401017916FFE1
----------------------------------------------------------------------

[2026-04-01 18:50:45.778]  位置日志信息:
发送数据: FFE02401006937FFE1
----------------------------------------------------------------------

[2026-04-01 18:50:52.222]  位置日志信息:
串口未打开，无法发送数据
----------------------------------------------------------------------

[2026-04-01 18:50:52.227]  位置日志信息:
串口未打开，无法发送数据
----------------------------------------------------------------------

[2026-04-01 18:50:52.240]  位置日志信息:
串口未打开，无法发送数据
----------------------------------------------------------------------

[2026-04-01 19:08:21.494]  位置日志信息:
打开串口 COM3 成功，波特率: 115200
----------------------------------------------------------------------

[2026-04-01 19:08:29.640]  位置日志信息:
串口未打开，无法发送数据
----------------------------------------------------------------------

[2026-04-01 19:08:29.645]  位置日志信息:
串口未打开，无法发送数据
----------------------------------------------------------------------

[2026-04-01 19:08:29.660]  位置日志信息:
串口未打开，无法发送数据
----------------------------------------------------------------------

