[2026-03-17 11:51:08.851]  位置日志信息:
打开串口 COM3 成功，波特率: 115200
----------------------------------------------------------------------

[2026-03-17 11:51:08.915]  位置日志信息:
发送数据: FFE020010023D0FFE1
----------------------------------------------------------------------

[2026-03-17 11:51:33.241]  位置日志信息:
打开串口 COM3 成功，波特率: 115200
----------------------------------------------------------------------

[2026-03-17 11:51:33.252]  位置日志信息:
发送数据: FFE020010023D0FFE1
----------------------------------------------------------------------

[2026-03-17 11:51:35.335]  位置日志信息:
打开串口 COM3 成功，波特率: 115200
----------------------------------------------------------------------

[2026-03-17 11:51:35.338]  位置日志信息:
发送数据: FFE020010023D0FFE1
----------------------------------------------------------------------

[2026-03-17 15:59:41.188]  位置日志信息:
串口未打开，无法发送数据
----------------------------------------------------------------------

[2026-03-17 15:59:41.605]  位置日志信息:
串口未打开，无法发送数据
----------------------------------------------------------------------

[2026-03-17 15:59:42.207]  位置日志信息:
串口未打开，无法发送数据
----------------------------------------------------------------------

[2026-03-17 15:59:42.511]  位置日志信息:
串口未打开，无法发送数据
----------------------------------------------------------------------

[2026-03-17 15:59:43.972]  位置日志信息:
串口未打开，无法发送数据
----------------------------------------------------------------------

[2026-03-17 15:59:44.287]  位置日志信息:
串口未打开，无法发送数据
----------------------------------------------------------------------

[2026-03-17 15:59:45.680]  位置日志信息:
串口未打开，无法发送数据
----------------------------------------------------------------------

[2026-03-17 15:59:45.984]  位置日志信息:
串口未打开，无法发送数据
----------------------------------------------------------------------

[2026-03-17 15:59:47.358]  位置日志信息:
串口未打开，无法发送数据
----------------------------------------------------------------------

[2026-03-17 15:59:47.664]  位置日志信息:
串口未打开，无法发送数据
----------------------------------------------------------------------

[2026-03-17 15:59:49.075]  位置日志信息:
串口未打开，无法发送数据
----------------------------------------------------------------------

[2026-03-17 15:59:49.381]  位置日志信息:
串口未打开，无法发送数据
----------------------------------------------------------------------

[2026-03-17 15:59:50.863]  位置日志信息:
串口未打开，无法发送数据
----------------------------------------------------------------------

[2026-03-17 15:59:51.169]  位置日志信息:
串口未打开，无法发送数据
----------------------------------------------------------------------

[2026-03-17 15:59:52.659]  位置日志信息:
串口未打开，无法发送数据
----------------------------------------------------------------------

[2026-03-17 15:59:52.965]  位置日志信息:
串口未打开，无法发送数据
----------------------------------------------------------------------

[2026-03-17 15:59:54.309]  位置日志信息:
串口未打开，无法发送数据
----------------------------------------------------------------------

[2026-03-17 15:59:54.615]  位置日志信息:
串口未打开，无法发送数据
----------------------------------------------------------------------

[2026-03-17 15:59:56.028]  位置日志信息:
串口未打开，无法发送数据
----------------------------------------------------------------------

[2026-03-17 15:59:56.335]  位置日志信息:
串口未打开，无法发送数据
----------------------------------------------------------------------

[2026-03-17 15:59:57.768]  位置日志信息:
串口未打开，无法发送数据
----------------------------------------------------------------------

[2026-03-17 15:59:58.073]  位置日志信息:
串口未打开，无法发送数据
----------------------------------------------------------------------

[2026-03-17 15:59:59.543]  位置日志信息:
串口未打开，无法发送数据
----------------------------------------------------------------------

[2026-03-17 15:59:59.850]  位置日志信息:
串口未打开，无法发送数据
----------------------------------------------------------------------

[2026-03-17 16:00:01.227]  位置日志信息:
串口未打开，无法发送数据
----------------------------------------------------------------------

[2026-03-17 16:00:01.532]  位置日志信息:
串口未打开，无法发送数据
----------------------------------------------------------------------

[2026-03-17 16:00:02.937]  位置日志信息:
串口未打开，无法发送数据
----------------------------------------------------------------------

[2026-03-17 16:00:03.243]  位置日志信息:
串口未打开，无法发送数据
----------------------------------------------------------------------

[2026-03-17 16:00:04.637]  位置日志信息:
串口未打开，无法发送数据
----------------------------------------------------------------------

[2026-03-17 16:00:04.949]  位置日志信息:
串口未打开，无法发送数据
----------------------------------------------------------------------

[2026-03-17 16:00:06.349]  位置日志信息:
串口未打开，无法发送数据
----------------------------------------------------------------------

[2026-03-17 16:00:06.654]  位置日志信息:
串口未打开，无法发送数据
----------------------------------------------------------------------

[2026-03-17 16:00:08.054]  位置日志信息:
串口未打开，无法发送数据
----------------------------------------------------------------------

[2026-03-17 16:00:08.359]  位置日志信息:
串口未打开，无法发送数据
----------------------------------------------------------------------

[2026-03-17 16:00:09.800]  位置日志信息:
串口未打开，无法发送数据
----------------------------------------------------------------------

[2026-03-17 16:00:10.117]  位置日志信息:
串口未打开，无法发送数据
----------------------------------------------------------------------

[2026-03-17 16:00:11.556]  位置日志信息:
串口未打开，无法发送数据
----------------------------------------------------------------------

[2026-03-17 16:00:11.871]  位置日志信息:
串口未打开，无法发送数据
----------------------------------------------------------------------

[2026-03-17 16:00:13.490]  位置日志信息:
串口未打开，无法发送数据
----------------------------------------------------------------------

[2026-03-17 16:00:13.799]  位置日志信息:
串口未打开，无法发送数据
----------------------------------------------------------------------

[2026-03-17 16:00:15.108]  位置日志信息:
串口未打开，无法发送数据
----------------------------------------------------------------------

[2026-03-17 16:00:15.415]  位置日志信息:
串口未打开，无法发送数据
----------------------------------------------------------------------

[2026-03-17 16:00:17.052]  位置日志信息:
串口未打开，无法发送数据
----------------------------------------------------------------------

[2026-03-17 16:00:17.358]  位置日志信息:
串口未打开，无法发送数据
----------------------------------------------------------------------

[2026-03-17 16:00:18.585]  位置日志信息:
串口未打开，无法发送数据
----------------------------------------------------------------------

[2026-03-17 16:00:18.890]  位置日志信息:
串口未打开，无法发送数据
----------------------------------------------------------------------

[2026-03-17 16:00:20.212]  位置日志信息:
串口未打开，无法发送数据
----------------------------------------------------------------------

[2026-03-17 16:00:20.519]  位置日志信息:
串口未打开，无法发送数据
----------------------------------------------------------------------

[2026-03-17 16:00:21.882]  位置日志信息:
串口未打开，无法发送数据
----------------------------------------------------------------------

[2026-03-17 16:00:22.188]  位置日志信息:
串口未打开，无法发送数据
----------------------------------------------------------------------

[2026-03-17 16:00:23.601]  位置日志信息:
串口未打开，无法发送数据
----------------------------------------------------------------------

[2026-03-17 16:00:23.907]  位置日志信息:
串口未打开，无法发送数据
----------------------------------------------------------------------

[2026-03-17 16:00:25.279]  位置日志信息:
串口未打开，无法发送数据
----------------------------------------------------------------------

[2026-03-17 16:00:25.585]  位置日志信息:
串口未打开，无法发送数据
----------------------------------------------------------------------

[2026-03-17 16:00:26.901]  位置日志信息:
串口未打开，无法发送数据
----------------------------------------------------------------------

[2026-03-17 16:00:27.216]  位置日志信息:
串口未打开，无法发送数据
----------------------------------------------------------------------

[2026-03-17 16:00:28.653]  位置日志信息:
串口未打开，无法发送数据
----------------------------------------------------------------------

[2026-03-17 16:00:28.958]  位置日志信息:
串口未打开，无法发送数据
----------------------------------------------------------------------

[2026-03-17 16:00:30.346]  位置日志信息:
串口未打开，无法发送数据
----------------------------------------------------------------------

[2026-03-17 16:00:30.652]  位置日志信息:
串口未打开，无法发送数据
----------------------------------------------------------------------

[2026-03-17 16:00:32.157]  位置日志信息:
串口未打开，无法发送数据
----------------------------------------------------------------------

[2026-03-17 16:00:32.463]  位置日志信息:
串口未打开，无法发送数据
----------------------------------------------------------------------

[2026-03-17 16:00:33.911]  位置日志信息:
串口未打开，无法发送数据
----------------------------------------------------------------------

[2026-03-17 16:00:34.216]  位置日志信息:
串口未打开，无法发送数据
----------------------------------------------------------------------

[2026-03-17 16:00:35.734]  位置日志信息:
串口未打开，无法发送数据
----------------------------------------------------------------------

[2026-03-17 16:00:36.041]  位置日志信息:
串口未打开，无法发送数据
----------------------------------------------------------------------

[2026-03-17 18:58:09.193]  位置日志信息:
串口未打开，无法发送数据
----------------------------------------------------------------------

[2026-03-17 18:58:09.611]  位置日志信息:
串口未打开，无法发送数据
----------------------------------------------------------------------

[2026-03-17 18:58:11.404]  位置日志信息:
串口未打开，无法发送数据
----------------------------------------------------------------------

[2026-03-17 18:58:11.707]  位置日志信息:
串口未打开，无法发送数据
----------------------------------------------------------------------

[2026-03-17 18:58:13.578]  位置日志信息:
串口未打开，无法发送数据
----------------------------------------------------------------------

[2026-03-17 18:58:13.886]  位置日志信息:
串口未打开，无法发送数据
----------------------------------------------------------------------

[2026-03-17 18:58:15.704]  位置日志信息:
串口未打开，无法发送数据
----------------------------------------------------------------------

[2026-03-17 18:58:16.011]  位置日志信息:
串口未打开，无法发送数据
----------------------------------------------------------------------

[2026-03-17 18:58:17.852]  位置日志信息:
串口未打开，无法发送数据
----------------------------------------------------------------------

[2026-03-17 18:58:18.158]  位置日志信息:
串口未打开，无法发送数据
----------------------------------------------------------------------

[2026-03-17 18:58:20.267]  位置日志信息:
串口未打开，无法发送数据
----------------------------------------------------------------------

[2026-03-17 18:58:20.572]  位置日志信息:
串口未打开，无法发送数据
----------------------------------------------------------------------

[2026-03-17 18:58:22.290]  位置日志信息:
串口未打开，无法发送数据
----------------------------------------------------------------------

[2026-03-17 18:58:22.596]  位置日志信息:
串口未打开，无法发送数据
----------------------------------------------------------------------

[2026-03-17 18:58:24.447]  位置日志信息:
串口未打开，无法发送数据
----------------------------------------------------------------------

[2026-03-17 18:58:24.754]  位置日志信息:
串口未打开，无法发送数据
----------------------------------------------------------------------

[2026-03-17 18:58:26.665]  位置日志信息:
串口未打开，无法发送数据
----------------------------------------------------------------------

[2026-03-17 18:58:26.970]  位置日志信息:
串口未打开，无法发送数据
----------------------------------------------------------------------

[2026-03-17 18:58:28.831]  位置日志信息:
串口未打开，无法发送数据
----------------------------------------------------------------------

[2026-03-17 18:58:29.136]  位置日志信息:
串口未打开，无法发送数据
----------------------------------------------------------------------

[2026-03-17 18:58:31.007]  位置日志信息:
串口未打开，无法发送数据
----------------------------------------------------------------------

[2026-03-17 18:58:31.313]  位置日志信息:
串口未打开，无法发送数据
----------------------------------------------------------------------

[2026-03-17 18:58:33.273]  位置日志信息:
串口未打开，无法发送数据
----------------------------------------------------------------------

[2026-03-17 18:58:33.580]  位置日志信息:
串口未打开，无法发送数据
----------------------------------------------------------------------

[2026-03-17 18:58:35.396]  位置日志信息:
串口未打开，无法发送数据
----------------------------------------------------------------------

[2026-03-17 18:58:35.700]  位置日志信息:
串口未打开，无法发送数据
----------------------------------------------------------------------

[2026-03-17 18:58:37.645]  位置日志信息:
串口未打开，无法发送数据
----------------------------------------------------------------------

[2026-03-17 18:58:37.952]  位置日志信息:
串口未打开，无法发送数据
----------------------------------------------------------------------

[2026-03-17 18:58:39.785]  位置日志信息:
串口未打开，无法发送数据
----------------------------------------------------------------------

[2026-03-17 18:58:40.090]  位置日志信息:
串口未打开，无法发送数据
----------------------------------------------------------------------

[2026-03-17 18:58:41.971]  位置日志信息:
串口未打开，无法发送数据
----------------------------------------------------------------------

[2026-03-17 18:58:42.279]  位置日志信息:
串口未打开，无法发送数据
----------------------------------------------------------------------

[2026-03-17 18:58:44.179]  位置日志信息:
串口未打开，无法发送数据
----------------------------------------------------------------------

[2026-03-17 18:58:44.493]  位置日志信息:
串口未打开，无法发送数据
----------------------------------------------------------------------

[2026-03-17 18:58:46.566]  位置日志信息:
串口未打开，无法发送数据
----------------------------------------------------------------------

[2026-03-17 18:58:46.871]  位置日志信息:
串口未打开，无法发送数据
----------------------------------------------------------------------

[2026-03-17 18:59:53.649]  位置日志信息:
串口未打开，无法发送数据
----------------------------------------------------------------------

[2026-03-17 18:59:54.064]  位置日志信息:
串口未打开，无法发送数据
----------------------------------------------------------------------

[2026-03-17 18:59:55.916]  位置日志信息:
串口未打开，无法发送数据
----------------------------------------------------------------------

[2026-03-17 18:59:56.220]  位置日志信息:
串口未打开，无法发送数据
----------------------------------------------------------------------

[2026-03-17 18:59:58.045]  位置日志信息:
串口未打开，无法发送数据
----------------------------------------------------------------------

[2026-03-17 18:59:58.362]  位置日志信息:
串口未打开，无法发送数据
----------------------------------------------------------------------

[2026-03-17 19:00:00.220]  位置日志信息:
串口未打开，无法发送数据
----------------------------------------------------------------------

[2026-03-17 19:00:00.526]  位置日志信息:
串口未打开，无法发送数据
----------------------------------------------------------------------

[2026-03-17 19:00:02.311]  位置日志信息:
串口未打开，无法发送数据
----------------------------------------------------------------------

[2026-03-17 19:00:02.616]  位置日志信息:
串口未打开，无法发送数据
----------------------------------------------------------------------

[2026-03-17 19:00:04.602]  位置日志信息:
串口未打开，无法发送数据
----------------------------------------------------------------------

[2026-03-17 19:00:04.907]  位置日志信息:
串口未打开，无法发送数据
----------------------------------------------------------------------

[2026-03-17 19:00:06.712]  位置日志信息:
串口未打开，无法发送数据
----------------------------------------------------------------------

[2026-03-17 19:00:07.023]  位置日志信息:
串口未打开，无法发送数据
----------------------------------------------------------------------

[2026-03-17 19:00:09.036]  位置日志信息:
串口未打开，无法发送数据
----------------------------------------------------------------------

[2026-03-17 19:00:09.343]  位置日志信息:
串口未打开，无法发送数据
----------------------------------------------------------------------

[2026-03-17 19:00:11.765]  位置日志信息:
串口未打开，无法发送数据
----------------------------------------------------------------------

[2026-03-17 19:00:12.071]  位置日志信息:
串口未打开，无法发送数据
----------------------------------------------------------------------

[2026-03-17 19:00:13.845]  位置日志信息:
串口未打开，无法发送数据
----------------------------------------------------------------------

[2026-03-17 19:00:14.151]  位置日志信息:
串口未打开，无法发送数据
----------------------------------------------------------------------

[2026-03-17 19:00:16.002]  位置日志信息:
串口未打开，无法发送数据
----------------------------------------------------------------------

[2026-03-17 19:00:16.310]  位置日志信息:
串口未打开，无法发送数据
----------------------------------------------------------------------

[2026-03-17 19:00:18.258]  位置日志信息:
串口未打开，无法发送数据
----------------------------------------------------------------------

[2026-03-17 19:00:18.564]  位置日志信息:
串口未打开，无法发送数据
----------------------------------------------------------------------

[2026-03-17 19:00:20.463]  位置日志信息:
串口未打开，无法发送数据
----------------------------------------------------------------------

[2026-03-17 19:00:20.772]  位置日志信息:
串口未打开，无法发送数据
----------------------------------------------------------------------

[2026-03-17 19:00:22.775]  位置日志信息:
串口未打开，无法发送数据
----------------------------------------------------------------------

[2026-03-17 19:00:23.083]  位置日志信息:
串口未打开，无法发送数据
----------------------------------------------------------------------

